// Jest Snapshot v1, https://goo.gl/fbAQLP

exports[`renders the lines for the rice grid 1`] = `
<DocumentFragment>
  <div>
    <svg
      height="300"
      id="test"
      width="300"
      xmlns="http://www.w3.org/2000/svg"
    >
      <line
        class="rice-grid-border"
        data-testid="rice-grid-border-nw-ne"
        x1="0"
        x2="300"
        y1="0"
        y2="0"
      />
      <line
        class="rice-grid-border"
        data-testid="rice-grid-border-nw-sw"
        x1="0"
        x2="0"
        y1="0"
        y2="300"
      />
      <line
        class="rice-grid-border"
        data-testid="rice-grid-border-ne-se"
        x1="300"
        x2="300"
        y1="0"
        y2="300"
      />
      <line
        class="rice-grid-border"
        data-testid="rice-grid-border-sw-se"
        x1="0"
        x2="300"
        y1="300"
        y2="300"
      />
      <line
        class="rice-grid-guide"
        data-testid="rice-grid-guide-nw-se"
        x1="0"
        x2="300"
        y1="0"
        y2="300"
      />
      <line
        class="rice-grid-guide"
        data-testid="rice-grid-guide-ne-sw"
        x1="300"
        x2="0"
        y1="0"
        y2="300"
      />
      <line
        class="rice-grid-guide"
        data-testid="rice-grid-guide-nn-ss"
        x1="150"
        x2="150"
        y1="0"
        y2="300"
      />
      <line
        class="rice-grid-guide"
        data-testid="rice-grid-guide-ww-ee"
        x1="0"
        x2="300"
        y1="150"
        y2="150"
      />
    </svg>
  </div>
</DocumentFragment>
`;
